// Jest Snapshot v1, https://goo.gl/fbAQLP

exports[`#position defaults the position to 0 1`] = `
Object {
  "column": 0,
  "cursor": 0,
  "line": 1,
}
`;
